{
	"name": "typescript",
	"version": "1.0.0",
	"description": "standard typescript package",
	"type": "module",
	"exports": {
		"./package.json": "./package.json",
		"./Test.svelte": "./Test.svelte",
		"./Test2.svelte": "./Test2.svelte",
		"./utils": "./utils.js",
		".": "./index.js"
	},
	"svelte": "./index.js"
}
